127.0.0.1 - - [18/Mar/2025:12:56:08 +0900] "GET / HTTP/1.1" 200 11428
0:0:0:0:0:0:0:1 - - [18/Mar/2025:12:56:08 +0900] "GET /jsp_basic/jsp005_request_google.jsp HTTP/1.1" 200 1278
127.0.0.1 - - [18/Mar/2025:13:00:33 +0900] "GET / HTTP/1.1" 200 11428
0:0:0:0:0:0:0:1 - - [18/Mar/2025:13:00:33 +0900] "GET /jsp_basic/WEB-INF/jsp006_repeat.jsp HTTP/1.1" 404 721
127.0.0.1 - - [18/Mar/2025:13:01:28 +0900] "GET / HTTP/1.1" 200 11428
0:0:0:0:0:0:0:1 - - [18/Mar/2025:13:01:30 +0900] "GET /jsp_basic/jsp006_repeat.jsp HTTP/1.1" 200 1278
127.0.0.1 - - [18/Mar/2025:13:01:42 +0900] "GET / HTTP/1.1" 200 11428
0:0:0:0:0:0:0:1 - - [18/Mar/2025:13:01:48 +0900] "GET /jsp_basic/jsp006_repeat.jsp HTTP/1.1" 200 1274
0:0:0:0:0:0:0:1 - - [18/Mar/2025:13:06:30 +0900] "GET /jsp_basic/jsp006_repeat.jsp HTTP/1.1" 200 1018
0:0:0:0:0:0:0:1 - - [18/Mar/2025:13:06:36 +0900] "GET /jsp_basic/jsp006_repeat.jsp HTTP/1.1" 200 1018
0:0:0:0:0:0:0:1 - - [18/Mar/2025:13:06:49 +0900] "GET /jsp_basic/jsp006_repeat.jsp HTTP/1.1" 200 1018
0:0:0:0:0:0:0:1 - - [18/Mar/2025:14:41:54 +0900] "GET /jsp_basic/jsp006_jsp.jsp HTTP/1.1" 500 3152
0:0:0:0:0:0:0:1 - - [18/Mar/2025:14:42:01 +0900] "GET /jsp_basic/jsp006_jsp.jsp HTTP/1.1" 500 3152
0:0:0:0:0:0:0:1 - - [18/Mar/2025:14:42:03 +0900] "GET /jsp_basic/jsp006_jsp.jsp HTTP/1.1" 500 2952
127.0.0.1 - - [18/Mar/2025:14:42:15 +0900] "GET / HTTP/1.1" 200 11428
0:0:0:0:0:0:0:1 - - [18/Mar/2025:14:42:18 +0900] "GET /jsp_basic/jsp006_jsp.jsp HTTP/1.1" 500 3152
0:0:0:0:0:0:0:1 - - [18/Mar/2025:14:44:26 +0900] "GET /jsp_basic/jsp006_jsp.jsp HTTP/1.1" 500 3152
0:0:0:0:0:0:0:1 - - [18/Mar/2025:14:45:44 +0900] "GET /jsp_basic/jsp006_jsp.jsp HTTP/1.1" 500 3152
127.0.0.1 - - [18/Mar/2025:14:49:06 +0900] "GET / HTTP/1.1" 200 11428
0:0:0:0:0:0:0:1 - - [18/Mar/2025:14:49:13 +0900] "GET /jsp_basic/jsp006_jsp.jsp HTTP/1.1" 200 1183
127.0.0.1 - - [18/Mar/2025:15:08:27 +0900] "GET / HTTP/1.1" 200 11428
0:0:0:0:0:0:0:1 - - [18/Mar/2025:15:08:33 +0900] "GET /jsp_basic/jsp007_result.jsp HTTP/1.1" 200 620
0:0:0:0:0:0:0:1 - - [18/Mar/2025:15:08:47 +0900] "GET /jsp_basic/jsp007_request_myserver.jsp HTTP/1.1" 200 956
0:0:0:0:0:0:0:1 - - [18/Mar/2025:15:08:51 +0900] "GET /jsp_basic/jsp007_result.jsp?para=aaa HTTP/1.1" 200 619
0:0:0:0:0:0:0:1 - - [18/Mar/2025:15:08:55 +0900] "GET /jsp_basic/jsp007_result.jsp?para=aaa HTTP/1.1" 200 619
0:0:0:0:0:0:0:1 - - [18/Mar/2025:15:09:03 +0900] "GET /jsp_basic/jsp007_result.jsp?para=asddddddddf HTTP/1.1" 200 627
127.0.0.1 - - [18/Mar/2025:15:14:36 +0900] "GET / HTTP/1.1" 200 11428
0:0:0:0:0:0:0:1 - - [18/Mar/2025:15:14:38 +0900] "GET /jsp_basic/jsp008_result.jsp HTTP/1.1" 200 416
0:0:0:0:0:0:0:1 - - [18/Mar/2025:15:15:18 +0900] "GET /jsp_basic/jsp008_result.jsp HTTP/1.1" 200 416
127.0.0.1 - - [18/Mar/2025:15:15:25 +0900] "GET / HTTP/1.1" 200 11428
0:0:0:0:0:0:0:1 - - [18/Mar/2025:15:15:25 +0900] "GET /jsp_basic/jsp008_result.jsp HTTP/1.1" 200 416
0:0:0:0:0:0:0:1 - - [18/Mar/2025:15:15:27 +0900] "GET /jsp_basic/jsp008_result.jsp HTTP/1.1" 200 416
0:0:0:0:0:0:0:1 - - [18/Mar/2025:15:15:36 +0900] "GET /jsp_basic/jsp008_result.jsp HTTP/1.1" 200 927
0:0:0:0:0:0:0:1 - - [18/Mar/2025:15:16:17 +0900] "GET /jsp_basic/jsp008_result.jsp HTTP/1.1" 200 927
127.0.0.1 - - [18/Mar/2025:15:16:23 +0900] "GET / HTTP/1.1" 200 11428
0:0:0:0:0:0:0:1 - - [18/Mar/2025:15:16:28 +0900] "GET /jsp_basic/jsp008_result.jsp HTTP/1.1" 200 888
0:0:0:0:0:0:0:1 - - [18/Mar/2025:15:16:43 +0900] "GET /jsp_basic/jsp008_result.jsp HTTP/1.1" 200 890
0:0:0:0:0:0:0:1 - - [18/Mar/2025:15:17:00 +0900] "GET /jsp_basic/jsp008_result.jsp HTTP/1.1" 200 890
0:0:0:0:0:0:0:1 - - [18/Mar/2025:15:17:03 +0900] "GET /jsp_basic/jsp008_result.jsp HTTP/1.1" 200 890
127.0.0.1 - - [18/Mar/2025:15:18:13 +0900] "GET / HTTP/1.1" 200 11428
0:0:0:0:0:0:0:1 - - [18/Mar/2025:15:18:16 +0900] "GET /jsp_basic/jsp008_result.jsp HTTP/1.1" 200 1027
0:0:0:0:0:0:0:1 - - [18/Mar/2025:15:20:27 +0900] "GET /jsp_basic/jsp008_result.jsp HTTP/1.1" 200 1221
0:0:0:0:0:0:0:1 - - [18/Mar/2025:15:21:17 +0900] "GET /jsp_basic/jsp007_request_myserver.jsp HTTP/1.1" 200 956
0:0:0:0:0:0:0:1 - - [18/Mar/2025:15:21:23 +0900] "GET /jsp_basic/jsp007_result.jsp HTTP/1.1" 200 620
0:0:0:0:0:0:0:1 - - [18/Mar/2025:15:21:26 +0900] "GET /jsp_basic/jsp007_result.jsp?para=e HTTP/1.1" 200 617
0:0:0:0:0:0:0:1 - - [18/Mar/2025:15:21:29 +0900] "GET /jsp_basic/jsp007_result.jsp HTTP/1.1" 200 620
0:0:0:0:0:0:0:1 - - [18/Mar/2025:15:21:29 +0900] "GET /favicon.ico HTTP/1.1" 304 -
0:0:0:0:0:0:0:1 - - [18/Mar/2025:15:21:30 +0900] "GET /jsp_basic/jsp007_result.jsp HTTP/1.1" 200 620
0:0:0:0:0:0:0:1 - - [18/Mar/2025:15:21:30 +0900] "GET /jsp_basic/jsp007_result.jsp HTTP/1.1" 200 620
127.0.0.1 - - [18/Mar/2025:15:21:55 +0900] "GET / HTTP/1.1" 200 11428
0:0:0:0:0:0:0:1 - - [18/Mar/2025:15:21:58 +0900] "GET /jsp_basic/jsp007_request_myserver.jsp HTTP/1.1" 200 956
0:0:0:0:0:0:0:1 - - [18/Mar/2025:15:22:06 +0900] "GET /jsp_basic/jsp007_result.jsp?para=efrdsfds HTTP/1.1" 200 624
0:0:0:0:0:0:0:1 - - [18/Mar/2025:15:22:11 +0900] "GET /jsp_basic/jsp007_result.jsp?para=asdfasd HTTP/1.1" 200 623
0:0:0:0:0:0:0:1 - - [18/Mar/2025:15:22:21 +0900] "GET /jsp_basic/jsp007_result.jsp HTTP/1.1" 200 620
0:0:0:0:0:0:0:1 - - [18/Mar/2025:15:22:27 +0900] "GET /jsp_basic/jsp007_result.jsp?para=dsafadafd HTTP/1.1" 200 625
127.0.0.1 - - [18/Mar/2025:15:41:01 +0900] "GET / HTTP/1.1" 200 11428
0:0:0:0:0:0:0:1 - - [18/Mar/2025:15:41:01 +0900] "GET /jsp_basic/jsp008_result.jsp HTTP/1.1" 200 1221
0:0:0:0:0:0:0:1 - - [18/Mar/2025:15:41:26 +0900] "GET /jsp_basic/jsp008_result.jsp HTTP/1.1" 200 1617
0:0:0:0:0:0:0:1 - - [18/Mar/2025:15:41:26 +0900] "GET /jsp_basic/images/login.png HTTP/1.1" 200 3321
0:0:0:0:0:0:0:1 - - [18/Mar/2025:15:41:49 +0900] "GET /jsp_basic/jsp008_result.jsp HTTP/1.1" 200 1617
0:0:0:0:0:0:0:1 - - [18/Mar/2025:15:41:57 +0900] "GET /jsp_basic/jsp008_result.jsp HTTP/1.1" 200 1617
0:0:0:0:0:0:0:1 - - [18/Mar/2025:15:41:59 +0900] "GET /jsp_basic/jsp008_result.jsp HTTP/1.1" 200 1617
127.0.0.1 - - [18/Mar/2025:15:42:08 +0900] "GET / HTTP/1.1" 200 11428
0:0:0:0:0:0:0:1 - - [18/Mar/2025:15:42:09 +0900] "GET /jsp_basic/jsp008_result.jsp HTTP/1.1" 200 1617
0:0:0:0:0:0:0:1 - - [18/Mar/2025:15:42:47 +0900] "GET /jsp_basic/jsp008_result.jsp HTTP/1.1" 200 1634
0:0:0:0:0:0:0:1 - - [18/Mar/2025:15:42:47 +0900] "GET /jsp_basic/images/login.png HTTP/1.1" 304 -
0:0:0:0:0:0:0:1 - - [18/Mar/2025:15:42:57 +0900] "GET /jsp_basic/jsp008_result.jsp HTTP/1.1" 200 1634
127.0.0.1 - - [18/Mar/2025:15:43:14 +0900] "GET / HTTP/1.1" 200 11428
0:0:0:0:0:0:0:1 - - [18/Mar/2025:15:43:15 +0900] "GET /jsp_basic/jsp008_result.jsp HTTP/1.1" 200 1634
127.0.0.1 - - [18/Mar/2025:15:49:42 +0900] "GET / HTTP/1.1" 200 11428
0:0:0:0:0:0:0:1 - - [18/Mar/2025:15:49:43 +0900] "GET /jsp_basic/jsp008_result.jsp HTTP/1.1" 200 682
0:0:0:0:0:0:0:1 - - [18/Mar/2025:15:49:45 +0900] "GET /jsp_basic/jsp008_login.jsp HTTP/1.1" 200 1644
0:0:0:0:0:0:0:1 - - [18/Mar/2025:15:49:45 +0900] "GET /jsp_basic/images/login.png HTTP/1.1" 304 -
0:0:0:0:0:0:0:1 - - [18/Mar/2025:15:49:49 +0900] "GET /jsp_basic/jsp008_result.jsp?email=df&pass=sdf&remember=on&remember=%EC%A0%9C%EC%B6%9C HTTP/1.1" 200 677
0:0:0:0:0:0:0:1 - - [18/Mar/2025:15:49:52 +0900] "GET /jsp_basic/jsp008_login.jsp HTTP/1.1" 200 1644
0:0:0:0:0:0:0:1 - - [18/Mar/2025:15:49:54 +0900] "GET /jsp_basic/jsp008_result.jsp?email=&pass=&remember=on&remember=%EC%A0%9C%EC%B6%9C HTTP/1.1" 200 672
0:0:0:0:0:0:0:1 - - [18/Mar/2025:15:49:56 +0900] "GET /jsp_basic/jsp008_login.jsp HTTP/1.1" 200 1644
0:0:0:0:0:0:0:1 - - [18/Mar/2025:15:51:22 +0900] "GET /jsp_basic/jsp008_result.jsp HTTP/1.1" 200 706
0:0:0:0:0:0:0:1 - - [18/Mar/2025:15:52:17 +0900] "GET /jsp_basic/jsp008_result.jsp HTTP/1.1" 200 734
0:0:0:0:0:0:0:1 - - [18/Mar/2025:15:52:27 +0900] "GET /jsp_basic/jsp008_login.jsp HTTP/1.1" 200 1644
0:0:0:0:0:0:0:1 - - [18/Mar/2025:15:52:27 +0900] "GET /jsp_basic/images/login.png HTTP/1.1" 304 -
127.0.0.1 - - [18/Mar/2025:15:53:44 +0900] "GET / HTTP/1.1" 200 11428
0:0:0:0:0:0:0:1 - - [18/Mar/2025:15:53:45 +0900] "GET /jsp_basic/jsp008_login.jsp HTTP/1.1" 200 1644
0:0:0:0:0:0:0:1 - - [18/Mar/2025:15:54:03 +0900] "GET /jsp_basic/jsp008_login.jsp HTTP/1.1" 200 1623
127.0.0.1 - - [18/Mar/2025:16:03:28 +0900] "GET / HTTP/1.1" 200 11428
0:0:0:0:0:0:0:1 - - [18/Mar/2025:16:03:29 +0900] "GET /jsp_basic/jsp008_login.jsp HTTP/1.1" 200 1641
0:0:0:0:0:0:0:1 - - [18/Mar/2025:16:03:29 +0900] "GET /jsp_basic/images/login.png HTTP/1.1" 304 -
127.0.0.1 - - [18/Mar/2025:16:04:07 +0900] "GET / HTTP/1.1" 200 11428
0:0:0:0:0:0:0:1 - - [18/Mar/2025:16:04:08 +0900] "GET /jsp_basic/jsp009_score.jsp HTTP/1.1" 200 562
127.0.0.1 - - [18/Mar/2025:16:05:29 +0900] "GET / HTTP/1.1" 200 11428
0:0:0:0:0:0:0:1 - - [18/Mar/2025:16:05:30 +0900] "GET /jsp_basic/jsp009_score.jsp HTTP/1.1" 200 562
0:0:0:0:0:0:0:1 - - [18/Mar/2025:16:06:09 +0900] "GET /jsp_basic/jsp009_score.jsp HTTP/1.1" 200 611
127.0.0.1 - - [18/Mar/2025:16:06:29 +0900] "GET / HTTP/1.1" 200 11428
0:0:0:0:0:0:0:1 - - [18/Mar/2025:16:06:31 +0900] "GET /jsp_basic/jsp009_score.jsp HTTP/1.1" 200 1474
0:0:0:0:0:0:0:1 - - [18/Mar/2025:16:06:55 +0900] "POST /jsp_basic/jsp008_form_score_result.jsp HTTP/1.1" 404 820
127.0.0.1 - - [18/Mar/2025:16:10:00 +0900] "GET / HTTP/1.1" 200 11428
0:0:0:0:0:0:0:1 - - [18/Mar/2025:16:10:01 +0900] "GET /jsp_basic/jsp009_result.jsp HTTP/1.1" 200 727
0:0:0:0:0:0:0:1 - - [18/Mar/2025:16:10:04 +0900] "GET /jsp_basic/jsp008_login.jsp HTTP/1.1" 200 1641
0:0:0:0:0:0:0:1 - - [18/Mar/2025:16:10:04 +0900] "GET /jsp_basic/images/login.png HTTP/1.1" 304 -
127.0.0.1 - - [18/Mar/2025:16:10:21 +0900] "GET / HTTP/1.1" 200 11428
0:0:0:0:0:0:0:1 - - [18/Mar/2025:16:10:21 +0900] "GET /jsp_basic/jsp009_result.jsp HTTP/1.1" 200 727
0:0:0:0:0:0:0:1 - - [18/Mar/2025:16:10:23 +0900] "GET /jsp_basic/jsp008_login.jsp HTTP/1.1" 200 1641
127.0.0.1 - - [18/Mar/2025:16:11:16 +0900] "GET / HTTP/1.1" 200 11428
0:0:0:0:0:0:0:1 - - [18/Mar/2025:16:11:22 +0900] "GET /jsp_basic/jsp009_result.jsp HTTP/1.1" 200 727
0:0:0:0:0:0:0:1 - - [18/Mar/2025:16:11:24 +0900] "GET /jsp_basic/jsp009_score.jsp HTTP/1.1" 200 1463
0:0:0:0:0:0:0:1 - - [18/Mar/2025:16:11:29 +0900] "POST /jsp_basic/jsp009_result.jsp HTTP/1.1" 200 721
0:0:0:0:0:0:0:1 - - [18/Mar/2025:16:14:06 +0900] "GET /jsp_basic/jsp009_result.jsp HTTP/1.1" 200 727
127.0.0.1 - - [18/Mar/2025:16:14:13 +0900] "GET / HTTP/1.1" 200 11428
0:0:0:0:0:0:0:1 - - [18/Mar/2025:16:14:13 +0900] "GET /jsp_basic/jsp009_result.jsp HTTP/1.1" 200 727
0:0:0:0:0:0:0:1 - - [18/Mar/2025:16:14:17 +0900] "GET /jsp_basic/jsp009_score.jsp HTTP/1.1" 200 1463
0:0:0:0:0:0:0:1 - - [18/Mar/2025:16:14:21 +0900] "POST /jsp_basic/jsp009_result.jsp HTTP/1.1" 200 739
0:0:0:0:0:0:0:1 - - [18/Mar/2025:16:14:59 +0900] "GET /jsp_basic/jsp009_result.jsp HTTP/1.1" 500 2745
127.0.0.1 - - [18/Mar/2025:16:15:11 +0900] "GET / HTTP/1.1" 200 11428
0:0:0:0:0:0:0:1 - - [18/Mar/2025:16:15:12 +0900] "GET /jsp_basic/jsp009_result.jsp HTTP/1.1" 500 2735
0:0:0:0:0:0:0:1 - - [18/Mar/2025:16:17:38 +0900] "GET /jsp_basic/jsp009_result.jsp HTTP/1.1" 500 2735
127.0.0.1 - - [18/Mar/2025:16:18:00 +0900] "GET / HTTP/1.1" 200 11428
0:0:0:0:0:0:0:1 - - [18/Mar/2025:16:18:01 +0900] "GET /jsp_basic/jsp009_result.jsp HTTP/1.1" 500 2745
0:0:0:0:0:0:0:1 - - [18/Mar/2025:16:18:57 +0900] "GET /jsp_basic/jsp009_result.jsp HTTP/1.1" 500 2745
0:0:0:0:0:0:0:1 - - [18/Mar/2025:16:19:31 +0900] "GET /jsp_basic/jsp009_score.jsp HTTP/1.1" 200 1463
0:0:0:0:0:0:0:1 - - [18/Mar/2025:16:19:36 +0900] "GET /jsp_basic/jsp009_result.jsp HTTP/1.1" 500 2745
0:0:0:0:0:0:0:1 - - [18/Mar/2025:16:20:27 +0900] "GET /jsp_basic/jsp009_result.jsp HTTP/1.1" 500 2745
0:0:0:0:0:0:0:1 - - [18/Mar/2025:16:20:53 +0900] "GET /jsp_basic/jsp009_result.jsp HTTP/1.1" 500 2745
0:0:0:0:0:0:0:1 - - [18/Mar/2025:16:21:03 +0900] "GET /jsp_basic/jsp009_score.jsp HTTP/1.1" 200 1463
0:0:0:0:0:0:0:1 - - [18/Mar/2025:16:21:09 +0900] "POST /jsp_basic/jsp009_result.jsp HTTP/1.1" 200 773
0:0:0:0:0:0:0:1 - - [18/Mar/2025:16:39:18 +0900] "GET /jsp_basic/jsp009_score.jsp HTTP/1.1" 200 1641
127.0.0.1 - - [18/Mar/2025:16:39:28 +0900] "GET / HTTP/1.1" 200 11428
0:0:0:0:0:0:0:1 - - [18/Mar/2025:16:39:28 +0900] "GET /jsp_basic/jsp009_score.jsp HTTP/1.1" 200 1641
0:0:0:0:0:0:0:1 - - [18/Mar/2025:16:39:39 +0900] "GET /jsp_basic/jsp009_score.jsp HTTP/1.1" 200 1840
0:0:0:0:0:0:0:1 - - [18/Mar/2025:16:39:56 +0900] "GET /jsp_basic/jsp009_score.jsp HTTP/1.1" 200 1840
127.0.0.1 - - [18/Mar/2025:16:40:04 +0900] "GET / HTTP/1.1" 200 11428
0:0:0:0:0:0:0:1 - - [18/Mar/2025:16:40:04 +0900] "GET /jsp_basic/jsp009_score.jsp HTTP/1.1" 200 1840
0:0:0:0:0:0:0:1 - - [18/Mar/2025:16:40:20 +0900] "GET /jsp_basic/jsp009_score.jsp HTTP/1.1" 200 1840
127.0.0.1 - - [18/Mar/2025:16:43:22 +0900] "GET / HTTP/1.1" 200 11428
0:0:0:0:0:0:0:1 - - [18/Mar/2025:16:43:22 +0900] "GET /jsp_basic/jsp009_score.jsp HTTP/1.1" 200 1840
0:0:0:0:0:0:0:1 - - [18/Mar/2025:16:43:33 +0900] "GET /jsp_basic/jsp009_score.jsp HTTP/1.1" 200 1840
0:0:0:0:0:0:0:1 - - [18/Mar/2025:16:43:36 +0900] "GET /jsp_basic/jsp009_result.jsp HTTP/1.1" 500 2745
0:0:0:0:0:0:0:1 - - [18/Mar/2025:16:43:40 +0900] "GET /jsp_basic/jsp009_result.jsp HTTP/1.1" 500 2745
0:0:0:0:0:0:0:1 - - [18/Mar/2025:16:43:49 +0900] "POST /jsp_basic/jsp009_result.jsp HTTP/1.1" 200 759
127.0.0.1 - - [18/Mar/2025:16:45:17 +0900] "GET / HTTP/1.1" 200 11428
0:0:0:0:0:0:0:1 - - [18/Mar/2025:16:45:17 +0900] "GET /jsp_basic/jsp009_score.jsp HTTP/1.1" 200 1840
0:0:0:0:0:0:0:1 - - [18/Mar/2025:16:45:18 +0900] "GET /jsp_basic/jsp009_result.jsp HTTP/1.1" 500 2743
0:0:0:0:0:0:0:1 - - [18/Mar/2025:16:45:27 +0900] "POST /jsp_basic/jsp009_result.jsp HTTP/1.1" 200 761
0:0:0:0:0:0:0:1 - - [18/Mar/2025:16:45:30 +0900] "GET /jsp_basic/jsp009_score.jsp HTTP/1.1" 200 1840
0:0:0:0:0:0:0:1 - - [18/Mar/2025:16:45:33 +0900] "POST /jsp_basic/jsp009_result.jsp HTTP/1.1" 200 761
0:0:0:0:0:0:0:1 - - [18/Mar/2025:16:51:30 +0900] "GET /jsp_basic/jsp009_result.jsp HTTP/1.1" 500 2743
127.0.0.1 - - [18/Mar/2025:16:51:44 +0900] "GET / HTTP/1.1" 200 11428
0:0:0:0:0:0:0:1 - - [18/Mar/2025:16:51:44 +0900] "GET /jsp_basic/jsp009_result.jsp HTTP/1.1" 500 2733
0:0:0:0:0:0:0:1 - - [18/Mar/2025:16:51:49 +0900] "GET /jsp_basic/jsp009_score.jsp HTTP/1.1" 200 1840
0:0:0:0:0:0:0:1 - - [18/Mar/2025:16:51:54 +0900] "POST /jsp_basic/jsp009_result.jsp HTTP/1.1" 200 1207
0:0:0:0:0:0:0:1 - - [18/Mar/2025:16:53:54 +0900] "GET /jsp_basic/jsp009_result.jsp HTTP/1.1" 500 2743
0:0:0:0:0:0:0:1 - - [18/Mar/2025:16:53:57 +0900] "GET /jsp_basic/jsp009_score.jsp HTTP/1.1" 200 1840
0:0:0:0:0:0:0:1 - - [18/Mar/2025:16:54:02 +0900] "POST /jsp_basic/jsp009_result.jsp HTTP/1.1" 200 1425
0:0:0:0:0:0:0:1 - - [18/Mar/2025:17:40:04 +0900] "GET /jsp_basic/jsp010_jdbc.jsp HTTP/1.1" 200 515
127.0.0.1 - - [18/Mar/2025:17:42:00 +0900] "GET / HTTP/1.1" 200 11428
0:0:0:0:0:0:0:1 - - [18/Mar/2025:17:42:02 +0900] "GET /jsp_basic/jsp010_jdbc.jsp HTTP/1.1" 200 604
127.0.0.1 - - [18/Mar/2025:17:42:50 +0900] "GET / HTTP/1.1" 200 11428
0:0:0:0:0:0:0:1 - - [18/Mar/2025:17:42:51 +0900] "GET /jsp_basic/jsp010_jdbc.jsp HTTP/1.1" 200 622
